[coastalpets.co.za/account/login4236.html]
[backblue.gif]
[fade.gif]
[index.html]
[coastalpets.co.za/account/login.html]
[coastalpets.co.za/cdn/shop/files/Coastal_Logo_singular_96x9688f4.jpg]
[coastalpets.co.za/cdn/shop/t/13/assets/theme28c1.js]
[coastalpets.co.za/cdn/shop/t/13/assets/theme999a.css]
[coastalpets.co.za/checkouts/internal/preloads931e.js]
[cdn.shopify.com/shopifycloud/storefront-recaptcha-v3/v0.6/index.js]
[coastalpets.co.za/cdn/shopifycloud/shopify/assets/storefront/load_feature-9f951eb7d8d53973c719de211f807d63af81c644e5b9a6ae72661ac408d472f6.js]
[coastalpets.co.za/cdn/shopifycloud/shopify/assets/storefront/features-1c0b396bd4d054b94abae1eb6a1bd6ba47beb35525c57a217c77a862ff06d83f.js]
[coastalpets.co.za/cdn/shop/t/13/assets/customc972.js]
[cdn.shopify.com/extensions/bf304e01-a9a8-4b43-9780-acb5b63ed5bb/buddha-mega-menu-navigation-66/assets/buddha-megamenu.js]
[cdn.shopify.com/extensions/bf304e01-a9a8-4b43-9780-acb5b63ed5bb/buddha-mega-menu-navigation-66/assets/buddha-megamenu2.css]
[cdn.shopify.com/extensions/bf304e01-a9a8-4b43-9780-acb5b63ed5bb/buddha-mega-menu-navigation-66/assets/fontawesome.css]
[cdn.shopify.com/extensions/fdb7cb43-c237-4b59-9bf5-0c900d22f52f/wishlist-engine-50/assets/wishlist-engine.css]
[cdn.shopify.com/extensions/fdb7cb43-c237-4b59-9bf5-0c900d22f52f/wishlist-engine-50/assets/wishlist-engine-app.js]
[cdn.shopify.com/extensions/7ee0413a-f1ec-4d2b-95fb-a1e6a6721c36/1.0.0/assets/whatsapp.js]
[cdn.shopify.com/extensions/7ee0413a-f1ec-4d2b-95fb-a1e6a6721c36/1.0.0/assets/whatsapp.css]
[cdn.shopify.com/extensions/8306ada6-1a8e-420f-8db1-adfdc3849332/smile-io-56/assets/smile-loader.js]
[coastalpets.co.za/account/POST]
[coastalpets.co.za/cdn/s/trekkie.storefront.2eced10260225d6798d99c4a95501a3f587f6b15.min.js]
[coastalpets.co.za/cdn/shopifycloud/shopify/assets/shop_events_listener-61fa9e0a912c675e178777d2b27f6cbd482f8912a6b0aa31fa3515985a8cd626.js]
[coastalpets.co.za/cdn/shopifycloud/boomerang/shopify-boomerang-1.0.0.min.js]
[coastalpets.co.za/cdn/shop/files/Coastal_Aquariums_and_Pet_Supplies_Online_-_Logo_-_HR_-_Transparent_8d0a3eb4-3edc-4939-95f5-6c7df925a72e_290x@2xadb9.png]
[cdn.shopify.com/extensions/3a4dc440-03d6-44ed-9e44-e917b8f8f117/plex-delivery-estimation-date-25/assets/estimation.css]
[coastalpets.co.za/account/register.html]
[coastalpets.co.za/account/login4236.html]
[coastalpets.co.za/account/login.html]
[coastalpets.co.za/cdn/shop/t/13/assets/theme999a.css]
[shop.app/checkouts/internal/preloadsf8e4.js]
[cdn.shopify.com/extensions/bf304e01-a9a8-4b43-9780-acb5b63ed5bb/buddha-mega-menu-navigation-66/assets/buddha-megamenu2.css]
[cdn.shopify.com/extensions/bf304e01-a9a8-4b43-9780-acb5b63ed5bb/buddha-mega-menu-navigation-66/assets/fontawesome.css]
[cdn.shopify.com/extensions/fdb7cb43-c237-4b59-9bf5-0c900d22f52f/wishlist-engine-50/assets/wishlist-engine.css]
[cdn.shopify.com/extensions/7ee0413a-f1ec-4d2b-95fb-a1e6a6721c36/1.0.0/assets/whatsapp.css]
[coastalpets.co.za/account/POST.html]
[coastalpets.co.za/account/register.html]
[cdn.shopify.com/extensions/3a4dc440-03d6-44ed-9e44-e917b8f8f117/plex-delivery-estimation-date-25/assets/estimation.css]
[cdn.shopify.com/extensions/3a4dc440-03d6-44ed-9e44-e917b8f8f117/plex-delivery-estimation-date-25/assets/estimation.js]
